// Jest Snapshot v1, https://goo.gl/fbAQLP

exports[`Search render correctly Search render correctly 1`] = `ShallowWrapper {}`;
