// Jest Snapshot v1, https://goo.gl/fbAQLP

exports[`PokemonDisplay renders correctly PokemonDisplay renders correctly 1`] = `ShallowWrapper {}`;
